Just (Right (fromList [("main",fromList [(Jd9s,[Fold])])]))