Just (Right (fromList [("main",fromList [(TcAs,[Raise {amountRaised = 0.5, raisedTo = 0.5}])])]))