Just (Right (fromList [("main",fromList [(4s5s,[Check])])]))