[Right (fromList [("main",fromList [(9s9h,[Bet (BetSize 0.25)])])])]