[Right (fromList [("openUtg",fromList [(Jd9s,[Fold])])])]