[Right (Right (),fromList [("openUtg",fromList [(Kh5s,[Fold])])])]