[Right (fromList [("openUtg",fromList [(3h5c,[Fold])])])]