[Right (fromList [("openUtg",fromList [(7d3h,[Fold])])])]