[Right (Right (),fromList [("openUtg",fromList [(3dQd,[Fold])])])]