[Right (Right (),fromList [("openUtg",fromList [(Th8c,[Fold])])])]