[Right (Right (),fromList [("openUtg",fromList [(TcAs,[Raise {amountRaised = 0.5, raisedTo = 0.5}])])])]