Just (Right (fromList [("openUtg",fromList [(QcAc,[Raise {amountRaised = 0.75, raisedTo = 0.75}])])]))