[Left (Right (EnvLookupErr (V {_var = "fstPos"}) (MkAnn {region = Region {startPos = Pos {_line = 4, _column = 10}, endPos = Pos {_line = 4, _column = 16}}})))]