[Right (fromList [("main",fromList [(9s9h,[Call (BetSize 0.15)])])])]