[Right (fromList [("main",fromList [(6dAc,[Call (BetSize 0.15)])])]),Right (fromList [("main",fromList [(7s2s,[Call (BetSize 0.25)])])]),Right (fromList [("main",fromList [(TdAd,[Call (BetSize 0.25)])])])]