[Right (fromList [("main",fromList [(TcAs,[Raise {amountRaised = BetSize {getBetSize = 0.5}, raisedTo = BetSize {getBetSize = 0.5}}])])])]