[Right (Right (),fromList [("main",fromList [(Kh5s,[Fold])])])]