[Right (Right (),fromList [("main",fromList [(3h5c,[Fold])])])]