[Right (Right (),fromList [("main",fromList [(7d3h,[Fold])])])]