[Right (fromList [("main",fromList [(3dQd,[Fold])])])]