Just (Right (fromList [("main",fromList [(Th8c,[Fold])])]))