[Right (fromList [("main",fromList [(8hKh,[Call (BetSize 0.25)])])])]