[Right (fromList [("openUtg",fromList [(TcAs,[Raise {amountRaised = BetSize 0.5, raisedTo = BetSize 0.5}])]),("second",fromList [(5cJc,[Fold])])])]