[Right (fromList [("openUtg",fromList [(KhKc,[Raise {amountRaised = BetSize {getBetSize = 0.75}, raisedTo = BetSize {getBetSize = 0.75}}])])])]