[Right (fromList [("openUtg",fromList [(QcAc,[Raise {amountRaised = BetSize 0.75, raisedTo = BetSize 0.75}])])])]