Just (Right (fromList [("main",fromList [(KcQd,[Check])])]))