[Right (fromList [("main",fromList [(9s9h,[Bet 0.25])])])]