[Right (Right (),fromList [("main",fromList [(6dAc,[Check])])])]